{
  "id": 1,
  "deliverySequence": "delivery20241225",
  "status": "ORDERED",
  "zone": "ZONE_A",
  "requestedPickingDate": [
    2024,
    12,
    25
  ],
  "userId": "user1",
  "userName": "홍길동",
  "userPhone": "01012345678",
  "items": [
    {
      "goodsId": 1,
      "goodsCode": "goods1",
      "barcode": "barcode1",
      "offlineBarcode": "offlineBarcode1",
      "imageUrl": "imageUrl1",
      "qty": 1
    }
  ]
}